C51 COMPILER V9.00   PWM                                                                   05/17/2015 17:52:54 PAGE 1   


C51 COMPILER V9.00, COMPILATION OF MODULE PWM
OBJECT MODULE PLACED IN PWM.OBJ
COMPILER INVOKED BY: C:\Keil_v5\C51\BIN\C51.EXE PWM.c COMPACT BROWSE DEBUG OBJECTEXTEND TABS(2)

line level    source

   1          #include <STC12C5A.H>
   2          #include "PWM.h"
   3          
   4          void PWM_init()
   5          {
   6   1        TMOD &= 0xf0;
   7   1        TMOD |= 0x02;         //模式2,8位自动重装定时器
   8   1        AUXR &= ~0x80;          //12T模式
   9   1        TH0 = 0xB8; // 0xe7;            //12T模式下，PWM为400HZ的初值
  10   1        TL0 = 0xB8; //20msPWM 0xe7;
  11   1        TR0 = 1;            //启动定时器0计数
  12   1        
  13   1        CCON = 0;         //清标志位
  14   1        CMOD = 0x04;        //选择PCA时钟源为定时器0溢出信号
  15   1        CCAPM0 |= 0x42;
  16   1        CH = 0;
  17   1        CL = 0;
  18   1        CCAP0H = CCAP0L = (0xff - PWM_1_5MS);     //脉宽调制
  19   1      
  20   1      //  PCA_PWM0 = 0;
  21   1        CR = 1;
  22   1      }
  23          


MODULE INFORMATION:   STATIC OVERLAYABLE
   CODE SIZE        =     39    ----
   CONSTANT SIZE    =   ----    ----
   XDATA SIZE       =   ----    ----
   PDATA SIZE       =   ----    ----
   DATA SIZE        =   ----    ----
   IDATA SIZE       =   ----    ----
   BIT SIZE         =   ----    ----
END OF MODULE INFORMATION.


C51 COMPILATION COMPLETE.  0 WARNING(S),  0 ERROR(S)
